// Jest Snapshot v1, https://goo.gl/fbAQLP

exports[`Legend renders the component 1`] = `
<DocumentFragment>
  <svg
    xmlns="http://www.w3.org/2000/svg"
  >
    <g>
      <g
        transform="translate(0, 80)"
      >
        <g
          fill="none"
          font-family="sans-serif"
          font-size="10"
          text-anchor="middle"
        >
          <path
            class="domain"
            d="M0.5,6V0.5H300.5V6"
            stroke="currentColor"
          />
          <g
            class="tick"
            opacity="1"
            transform="translate(0.5,0)"
          >
            <line
              stroke="currentColor"
              y2="6"
            />
            <text
              dy="0.71em"
              fill="currentColor"
              y="9"
            >
              0
            </text>
          </g>
          <g
            class="tick"
            opacity="1"
            transform="translate(60.5,0)"
          >
            <line
              stroke="currentColor"
              y2="6"
            />
            <text
              dy="0.71em"
              fill="currentColor"
              y="9"
            >
              20
            </text>
          </g>
          <g
            class="tick"
            opacity="1"
            transform="translate(120.5,0)"
          >
            <line
              stroke="currentColor"
              y2="6"
            />
            <text
              dy="0.71em"
              fill="currentColor"
              y="9"
            >
              40
            </text>
          </g>
          <g
            class="tick"
            opacity="1"
            transform="translate(180.5,0)"
          >
            <line
              stroke="currentColor"
              y2="6"
            />
            <text
              dy="0.71em"
              fill="currentColor"
              y="9"
            >
              60
            </text>
          </g>
          <g
            class="tick"
            opacity="1"
            transform="translate(240.5,0)"
          >
            <line
              stroke="currentColor"
              y2="6"
            />
            <text
              dy="0.71em"
              fill="currentColor"
              y="9"
            >
              80
            </text>
          </g>
          <g
            class="tick"
            opacity="1"
            transform="translate(300.5,0)"
          >
            <line
              stroke="currentColor"
              y2="6"
            />
            <text
              dy="0.71em"
              fill="currentColor"
              y="9"
            >
              100
            </text>
          </g>
        </g>
      </g>
      <g>
        <rect
          fill="rgb(94, 79, 162)"
          height="80"
          width="15"
          x="0"
        />
        <rect
          fill="rgb(74, 108, 174)"
          height="80"
          width="15"
          x="15"
        />
        <rect
          fill="rgb(66, 136, 181)"
          height="80"
          width="15"
          x="30"
        />
        <rect
          fill="rgb(78, 164, 176)"
          height="80"
          width="15"
          x="45"
        />
        <rect
          fill="rgb(105, 189, 169)"
          height="80"
          width="15"
          x="60"
        />
        <rect
          fill="rgb(137, 207, 165)"
          height="80"
          width="15"
          x="75"
        />
        <rect
          fill="rgb(169, 220, 162)"
          height="80"
          width="15"
          x="90"
        />
        <rect
          fill="rgb(200, 233, 159)"
          height="80"
          width="15"
          x="105"
        />
        <rect
          fill="rgb(224, 243, 161)"
          height="80"
          width="15"
          x="120"
        />
        <rect
          fill="rgb(241, 249, 171)"
          height="80"
          width="15"
          x="135"
        />
        <rect
          fill="rgb(251, 248, 176)"
          height="80"
          width="15"
          x="150"
        />
        <rect
          fill="rgb(254, 238, 163)"
          height="80"
          width="15"
          x="165"
        />
        <rect
          fill="rgb(254, 221, 141)"
          height="80"
          width="15"
          x="180"
        />
        <rect
          fill="rgb(253, 198, 118)"
          height="80"
          width="15"
          x="195"
        />
        <rect
          fill="rgb(252, 172, 99)"
          height="80"
          width="15"
          x="210"
        />
        <rect
          fill="rgb(248, 142, 83)"
          height="80"
          width="15"
          x="225"
        />
        <rect
          fill="rgb(240, 112, 74)"
          height="80"
          width="15"
          x="240"
        />
        <rect
          fill="rgb(228, 86, 73)"
          height="80"
          width="15"
          x="255"
        />
        <rect
          fill="rgb(209, 60, 75)"
          height="80"
          width="15"
          x="270"
        />
        <rect
          fill="rgb(185, 31, 72)"
          height="80"
          width="15"
          x="285"
        />
      </g>
    </g>
  </svg>
</DocumentFragment>
`;
